2024-05-12T10:15:30 INFO  Application started
2024-05-12T10:20:45 ERROR An error occurred: Database connection failed
2024-05-12T10:25:55 INFO  User logged in: username=johndoe, ip=192.168.1.100
